// Jest Snapshot v1, https://goo.gl/fbAQLP

exports[`losing game matches snapshot 1`] = `
<div>
  <div
    class="Snowman"
  >
    <img
      alt="7"
    />
    <p>
      Number wrong: 
      7
    </p>
    <p
      class="Snowman-word"
    >
      _
      _
      _
      _
      _
    </p>
    <p>
      <button
        value="a"
      >
        a
      </button>
      <button
        disabled=""
        value="b"
      >
        b
      </button>
      <button
        disabled=""
        value="c"
      >
        c
      </button>
      <button
        disabled=""
        value="d"
      >
        d
      </button>
      <button
        value="e"
      >
        e
      </button>
      <button
        disabled=""
        value="f"
      >
        f
      </button>
      <button
        disabled=""
        value="g"
      >
        g
      </button>
      <button
        disabled=""
        value="h"
      >
        h
      </button>
      <button
        disabled=""
        value="i"
      >
        i
      </button>
      <button
        value="j"
      >
        j
      </button>
      <button
        value="k"
      >
        k
      </button>
      <button
        value="l"
      >
        l
      </button>
      <button
        value="m"
      >
        m
      </button>
      <button
        value="n"
      >
        n
      </button>
      <button
        value="o"
      >
        o
      </button>
      <button
        value="p"
      >
        p
      </button>
      <button
        value="q"
      >
        q
      </button>
      <button
        value="r"
      >
        r
      </button>
      <button
        value="s"
      >
        s
      </button>
      <button
        value="t"
      >
        t
      </button>
      <button
        value="u"
      >
        u
      </button>
      <button
        value="v"
      >
        v
      </button>
      <button
        value="w"
      >
        w
      </button>
      <button
        value="x"
      >
        x
      </button>
      <button
        value="y"
      >
        y
      </button>
      <button
        value="z"
      >
        z
      </button>
    </p>
  </div>
</div>
`;
